  Determining projects to restore...
/Users/antoniolucca/github/blazorBookLibrary/blazorBookLibrary.Server/blazorBookLibrary.Server.fsproj : warning NU1510: PackageReference Microsoft.Extensions.Configuration will not be pruned. Consider removing this package from your dependencies, as it is likely unnecessary. [/Users/antoniolucca/github/blazorBookLibrary/blazorBookLibrary.sln]
/Users/antoniolucca/github/blazorBookLibrary/blazorBookLibrary.Tests/blazorBookLibrary.Tests.fsproj : warning NU1608: Detected package version outside of dependency constraint: Expecto.FsCheck 10.2.3 requires FsCheck (>= 2.16.5 && < 3.0.0) but version FsCheck 3.3.2 was resolved. [/Users/antoniolucca/github/blazorBookLibrary/blazorBookLibrary.sln]
/Users/antoniolucca/github/blazorBookLibrary/blazorBookLibrary.Server/blazorBookLibrary.Server.fsproj : warning NU1510: PackageReference Microsoft.Extensions.Configuration.Json will not be pruned. Consider removing this package from your dependencies, as it is likely unnecessary. [/Users/antoniolucca/github/blazorBookLibrary/blazorBookLibrary.sln]
/Users/antoniolucca/github/blazorBookLibrary/blazorBookLibrary.Tests/blazorBookLibrary.Tests.fsproj : warning NU1904: Package 'Microsoft.AspNetCore.DataProtection' 10.0.5 has a known critical severity vulnerability, https://github.com/advisories/GHSA-9mv3-2cwr-p262 [/Users/antoniolucca/github/blazorBookLibrary/blazorBookLibrary.sln]
/Users/antoniolucca/github/blazorBookLibrary/blazorBookLibrary.Server/blazorBookLibrary.Server.fsproj : warning NU1608: Detected package version outside of dependency constraint: Expecto.FsCheck 10.2.3 requires FsCheck (>= 2.16.5 && < 3.0.0) but version FsCheck 3.3.2 was resolved. [/Users/antoniolucca/github/blazorBookLibrary/blazorBookLibrary.sln]
/Users/antoniolucca/github/blazorBookLibrary/blazorBookLibrary.Tests/blazorBookLibrary.Tests.fsproj : warning NU1903: Package 'System.Security.Cryptography.Xml' 10.0.5 has a known high severity vulnerability, https://github.com/advisories/GHSA-37gx-xxp4-5rgx [/Users/antoniolucca/github/blazorBookLibrary/blazorBookLibrary.sln]
/Users/antoniolucca/github/blazorBookLibrary/blazorBookLibrary.Tests/blazorBookLibrary.Tests.fsproj : warning NU1903: Package 'System.Security.Cryptography.Xml' 10.0.5 has a known high severity vulnerability, https://github.com/advisories/GHSA-w3x6-4m5h-cxqf [/Users/antoniolucca/github/blazorBookLibrary/blazorBookLibrary.sln]
/Users/antoniolucca/github/blazorBookLibrary/blazorBookLibrary.Tests/blazorBookLibrary.Tests.fsproj : warning NU1605: Detected package downgrade: Microsoft.Extensions.DependencyInjection from 10.0.7 to 10.0.5. Reference the package directly from the project to select a different version.  [/Users/antoniolucca/github/blazorBookLibrary/blazorBookLibrary.sln]
/Users/antoniolucca/github/blazorBookLibrary/blazorBookLibrary.Tests/blazorBookLibrary.Tests.fsproj : warning NU1605:  blazorBookLibrary.Tests -> Microsoft.AspNetCore.Identity.EntityFrameworkCore 10.0.5 -> Microsoft.Extensions.Identity.Stores 10.0.5 -> Microsoft.Extensions.Logging 10.0.7 -> Microsoft.Extensions.DependencyInjection (>= 10.0.7)  [/Users/antoniolucca/github/blazorBookLibrary/blazorBookLibrary.sln]
/Users/antoniolucca/github/blazorBookLibrary/blazorBookLibrary.Tests/blazorBookLibrary.Tests.fsproj : warning NU1605:  blazorBookLibrary.Tests -> Microsoft.Extensions.DependencyInjection (>= 10.0.5) [/Users/antoniolucca/github/blazorBookLibrary/blazorBookLibrary.sln]
/Users/antoniolucca/github/blazorBookLibrary/blazorBookLibrary/blazorBookLibrary.csproj : warning NU1608: Detected package version outside of dependency constraint: Expecto.FsCheck 10.2.3 requires FsCheck (>= 2.16.5 && < 3.0.0) but version FsCheck 3.3.2 was resolved. [/Users/antoniolucca/github/blazorBookLibrary/blazorBookLibrary.sln]
  All projects are up-to-date for restore.
/Users/antoniolucca/github/blazorBookLibrary/blazorBookLibrary.Tests/blazorBookLibrary.Tests.fsproj : warning NU1608: Detected package version outside of dependency constraint: Expecto.FsCheck 10.2.3 requires FsCheck (>= 2.16.5 && < 3.0.0) but version FsCheck 3.3.2 was resolved.
/Users/antoniolucca/github/blazorBookLibrary/blazorBookLibrary.Tests/blazorBookLibrary.Tests.fsproj : warning NU1904: Package 'Microsoft.AspNetCore.DataProtection' 10.0.5 has a known critical severity vulnerability, https://github.com/advisories/GHSA-9mv3-2cwr-p262
/Users/antoniolucca/github/blazorBookLibrary/blazorBookLibrary.Tests/blazorBookLibrary.Tests.fsproj : warning NU1903: Package 'System.Security.Cryptography.Xml' 10.0.5 has a known high severity vulnerability, https://github.com/advisories/GHSA-37gx-xxp4-5rgx
/Users/antoniolucca/github/blazorBookLibrary/blazorBookLibrary.Tests/blazorBookLibrary.Tests.fsproj : warning NU1903: Package 'System.Security.Cryptography.Xml' 10.0.5 has a known high severity vulnerability, https://github.com/advisories/GHSA-w3x6-4m5h-cxqf
/Users/antoniolucca/github/blazorBookLibrary/blazorBookLibrary.Tests/blazorBookLibrary.Tests.fsproj : warning NU1605: Detected package downgrade: Microsoft.Extensions.DependencyInjection from 10.0.7 to 10.0.5. Reference the package directly from the project to select a different version. 
/Users/antoniolucca/github/blazorBookLibrary/blazorBookLibrary.Tests/blazorBookLibrary.Tests.fsproj : warning NU1605:  blazorBookLibrary.Tests -> Microsoft.AspNetCore.Identity.EntityFrameworkCore 10.0.5 -> Microsoft.Extensions.Identity.Stores 10.0.5 -> Microsoft.Extensions.Logging 10.0.7 -> Microsoft.Extensions.DependencyInjection (>= 10.0.7) 
/Users/antoniolucca/github/blazorBookLibrary/blazorBookLibrary.Tests/blazorBookLibrary.Tests.fsproj : warning NU1605:  blazorBookLibrary.Tests -> Microsoft.Extensions.DependencyInjection (>= 10.0.5)
