  Determining projects to restore...
/Users/antoniolucca/github/blazorBookLibrary/blazorBookLibrary/blazorBookLibrary.csproj : warning NU1608: Detected package version outside of dependency constraint: Expecto.FsCheck 10.2.3 requires FsCheck (>= 2.16.5 && < 3.0.0) but version FsCheck 3.3.2 was resolved. [/Users/antoniolucca/github/blazorBookLibrary/blazorBookLibrary.Tests/blazorBookLibrary.Tests.fsproj]
/Users/antoniolucca/github/blazorBookLibrary/blazorBookLibrary.Server/blazorBookLibrary.Server.fsproj : warning NU1510: PackageReference Microsoft.Extensions.Configuration will not be pruned. Consider removing this package from your dependencies, as it is likely unnecessary. [/Users/antoniolucca/github/blazorBookLibrary/blazorBookLibrary.Tests/blazorBookLibrary.Tests.fsproj]
/Users/antoniolucca/github/blazorBookLibrary/blazorBookLibrary.Tests/blazorBookLibrary.Tests.fsproj : warning NU1608: Detected package version outside of dependency constraint: Expecto.FsCheck 10.2.3 requires FsCheck (>= 2.16.5 && < 3.0.0) but version FsCheck 3.3.2 was resolved.
/Users/antoniolucca/github/realsharpino/Sharpino/Sharpino.Lib/Sharpino.Lib.fsproj : warning NU1510: PackageReference System.Data.Common will not be pruned. Consider removing this package from your dependencies, as it is likely unnecessary. [/Users/antoniolucca/github/blazorBookLibrary/blazorBookLibrary.Tests/blazorBookLibrary.Tests.fsproj]
/Users/antoniolucca/github/blazorBookLibrary/blazorBookLibrary.Server/blazorBookLibrary.Server.fsproj : warning NU1510: PackageReference Microsoft.Extensions.Configuration.Json will not be pruned. Consider removing this package from your dependencies, as it is likely unnecessary. [/Users/antoniolucca/github/blazorBookLibrary/blazorBookLibrary.Tests/blazorBookLibrary.Tests.fsproj]
/Users/antoniolucca/github/realsharpino/Sharpino/Sharpino.Lib/Sharpino.Lib.fsproj : warning NU1510: PackageReference System.collections will not be pruned. Consider removing this package from your dependencies, as it is likely unnecessary. [/Users/antoniolucca/github/blazorBookLibrary/blazorBookLibrary.Tests/blazorBookLibrary.Tests.fsproj]
/Users/antoniolucca/github/blazorBookLibrary/blazorBookLibrary.Server/blazorBookLibrary.Server.fsproj : warning NU1608: Detected package version outside of dependency constraint: Expecto.FsCheck 10.2.3 requires FsCheck (>= 2.16.5 && < 3.0.0) but version FsCheck 3.3.2 was resolved. [/Users/antoniolucca/github/blazorBookLibrary/blazorBookLibrary.Tests/blazorBookLibrary.Tests.fsproj]
/Users/antoniolucca/github/realsharpino/Sharpino/Sharpino.Lib/Sharpino.Lib.fsproj : warning NU1608: Detected package version outside of dependency constraint: Expecto.FsCheck 10.2.3 requires FsCheck (>= 2.16.5 && < 3.0.0) but version FsCheck 3.3.2 was resolved. [/Users/antoniolucca/github/blazorBookLibrary/blazorBookLibrary.Tests/blazorBookLibrary.Tests.fsproj]
/Users/antoniolucca/github/realsharpino/Sharpino/Sharpino.Lib/Sharpino.Lib.fsproj : warning NU1902: Package 'Microsoft.IdentityModel.JsonWebTokens' 6.8.0 has a known moderate severity vulnerability, https://github.com/advisories/GHSA-59j7-ghrg-fj52 [/Users/antoniolucca/github/blazorBookLibrary/blazorBookLibrary.Tests/blazorBookLibrary.Tests.fsproj]
/Users/antoniolucca/github/realsharpino/Sharpino/Sharpino.Lib/Sharpino.Lib.fsproj : warning NU1904: Package 'System.Drawing.Common' 5.0.0 has a known critical severity vulnerability, https://github.com/advisories/GHSA-rxg9-xrhp-64gj [/Users/antoniolucca/github/blazorBookLibrary/blazorBookLibrary.Tests/blazorBookLibrary.Tests.fsproj]
/Users/antoniolucca/github/realsharpino/Sharpino/Sharpino.Lib/Sharpino.Lib.fsproj : warning NU1902: Package 'System.IdentityModel.Tokens.Jwt' 6.8.0 has a known moderate severity vulnerability, https://github.com/advisories/GHSA-59j7-ghrg-fj52 [/Users/antoniolucca/github/blazorBookLibrary/blazorBookLibrary.Tests/blazorBookLibrary.Tests.fsproj]
  All projects are up-to-date for restore.
/Users/antoniolucca/github/blazorBookLibrary/blazorBookLibrary.Tests/blazorBookLibrary.Tests.fsproj : warning NU1608: Detected package version outside of dependency constraint: Expecto.FsCheck 10.2.3 requires FsCheck (>= 2.16.5 && < 3.0.0) but version FsCheck 3.3.2 was resolved.
/Users/antoniolucca/github/blazorBookLibrary/blazorBookLibrary/blazorBookLibrary.csproj : warning NU1608: Detected package version outside of dependency constraint: Expecto.FsCheck 10.2.3 requires FsCheck (>= 2.16.5 && < 3.0.0) but version FsCheck 3.3.2 was resolved.
/Users/antoniolucca/github/blazorBookLibrary/blazorBookLibrary.Server/blazorBookLibrary.Server.fsproj : warning NU1510: PackageReference Microsoft.Extensions.Configuration will not be pruned. Consider removing this package from your dependencies, as it is likely unnecessary.
/Users/antoniolucca/github/blazorBookLibrary/blazorBookLibrary.Server/blazorBookLibrary.Server.fsproj : warning NU1510: PackageReference Microsoft.Extensions.Configuration.Json will not be pruned. Consider removing this package from your dependencies, as it is likely unnecessary.
/Users/antoniolucca/github/blazorBookLibrary/blazorBookLibrary.Server/blazorBookLibrary.Server.fsproj : warning NU1608: Detected package version outside of dependency constraint: Expecto.FsCheck 10.2.3 requires FsCheck (>= 2.16.5 && < 3.0.0) but version FsCheck 3.3.2 was resolved.
  blazorBookLibrary.Data -> /Users/antoniolucca/github/blazorBookLibrary/blazorBookLibrary.Data/bin/Debug/net10.0/blazorBookLibrary.Data.dll
/Users/antoniolucca/github/realsharpino/Sharpino/Sharpino.Lib/Sharpino.Lib.fsproj : warning NU1510: PackageReference System.Data.Common will not be pruned. Consider removing this package from your dependencies, as it is likely unnecessary. [TargetFramework=net10.0]
/Users/antoniolucca/github/realsharpino/Sharpino/Sharpino.Lib/Sharpino.Lib.fsproj : warning NU1510: PackageReference System.collections will not be pruned. Consider removing this package from your dependencies, as it is likely unnecessary. [TargetFramework=net10.0]
/Users/antoniolucca/github/realsharpino/Sharpino/Sharpino.Lib/Sharpino.Lib.fsproj : warning NU1608: Detected package version outside of dependency constraint: Expecto.FsCheck 10.2.3 requires FsCheck (>= 2.16.5 && < 3.0.0) but version FsCheck 3.3.2 was resolved. [TargetFramework=net10.0]
/Users/antoniolucca/github/realsharpino/Sharpino/Sharpino.Lib/Sharpino.Lib.fsproj : warning NU1902: Package 'Microsoft.IdentityModel.JsonWebTokens' 6.8.0 has a known moderate severity vulnerability, https://github.com/advisories/GHSA-59j7-ghrg-fj52 [TargetFramework=net10.0]
/Users/antoniolucca/github/realsharpino/Sharpino/Sharpino.Lib/Sharpino.Lib.fsproj : warning NU1904: Package 'System.Drawing.Common' 5.0.0 has a known critical severity vulnerability, https://github.com/advisories/GHSA-rxg9-xrhp-64gj [TargetFramework=net10.0]
/Users/antoniolucca/github/realsharpino/Sharpino/Sharpino.Lib/Sharpino.Lib.fsproj : warning NU1902: Package 'System.IdentityModel.Tokens.Jwt' 6.8.0 has a known moderate severity vulnerability, https://github.com/advisories/GHSA-59j7-ghrg-fj52 [TargetFramework=net10.0]
  blazorBookLibrary.Shared -> /Users/antoniolucca/github/blazorBookLibrary/blazorBookLibrary.Shared/bin/Debug/net10.0/blazorBookLibrary.Shared.dll
  Sharpino.Lib -> /Users/antoniolucca/github/realsharpino/Sharpino/Sharpino.Lib/bin/Debug/net10.0/Sharpino.Lib.dll
  blazorBookLibrary.Client -> /Users/antoniolucca/github/blazorBookLibrary/blazorBookLibrary.Client/bin/Debug/net10.0/blazorBookLibrary.Client.dll
  blazorBookLibrary.Client (Blazor output) -> /Users/antoniolucca/github/blazorBookLibrary/blazorBookLibrary.Client/bin/Debug/net10.0/wwwroot
  blazorBookLibrary.Server -> /Users/antoniolucca/github/blazorBookLibrary/blazorBookLibrary.Server/bin/Debug/net10.0/blazorBookLibrary.Server.dll
  blazorBookLibrary -> /Users/antoniolucca/github/blazorBookLibrary/blazorBookLibrary/bin/Debug/net10.0/blazorBookLibrary.dll
/Users/antoniolucca/github/blazorBookLibrary/blazorBookLibrary.Tests/ReservationsTests.fs(750,40): error FS0501: The member or object constructor 'TransformReservationIntoLoanAsync' takes 5 argument(s) but is here given 3. The required signature is 'abstract ILoanService.TransformReservationIntoLoanAsync: reservationId: ReservationId * providedReservationCode: ReservationCode * shortLang: ShortLang * date: DateTime * [<Runtime.InteropServices.Optional; Runtime.InteropServices.DefaultParameterValue ((null :> obj))>] ?ct: CancellationToken -> Tasks.Task<Result<unit,string>>'. [/Users/antoniolucca/github/blazorBookLibrary/blazorBookLibrary.Tests/blazorBookLibrary.Tests.fsproj]
/Users/antoniolucca/github/blazorBookLibrary/blazorBookLibrary.Tests/ReservationsTests.fs(788,40): error FS0501: The member or object constructor 'TransformReservationIntoLoanAsync' takes 5 argument(s) but is here given 3. The required signature is 'abstract ILoanService.TransformReservationIntoLoanAsync: reservationId: ReservationId * providedReservationCode: ReservationCode * shortLang: ShortLang * date: DateTime * [<Runtime.InteropServices.Optional; Runtime.InteropServices.DefaultParameterValue ((null :> obj))>] ?ct: CancellationToken -> Tasks.Task<Result<unit,string>>'. [/Users/antoniolucca/github/blazorBookLibrary/blazorBookLibrary.Tests/blazorBookLibrary.Tests.fsproj]
/Users/antoniolucca/github/blazorBookLibrary/blazorBookLibrary.Tests/ReservationsTests.fs(819,40): error FS0501: The member or object constructor 'TransformReservationIntoLoanAsync' takes 5 argument(s) but is here given 3. The required signature is 'abstract ILoanService.TransformReservationIntoLoanAsync: reservationId: ReservationId * providedReservationCode: ReservationCode * shortLang: ShortLang * date: DateTime * [<Runtime.InteropServices.Optional; Runtime.InteropServices.DefaultParameterValue ((null :> obj))>] ?ct: CancellationToken -> Tasks.Task<Result<unit,string>>'. [/Users/antoniolucca/github/blazorBookLibrary/blazorBookLibrary.Tests/blazorBookLibrary.Tests.fsproj]
/Users/antoniolucca/github/blazorBookLibrary/blazorBookLibrary.Tests/ReservationsTests.fs(854,40): error FS0501: The member or object constructor 'TransformReservationIntoLoanAsync' takes 5 argument(s) but is here given 3. The required signature is 'abstract ILoanService.TransformReservationIntoLoanAsync: reservationId: ReservationId * providedReservationCode: ReservationCode * shortLang: ShortLang * date: DateTime * [<Runtime.InteropServices.Optional; Runtime.InteropServices.DefaultParameterValue ((null :> obj))>] ?ct: CancellationToken -> Tasks.Task<Result<unit,string>>'. [/Users/antoniolucca/github/blazorBookLibrary/blazorBookLibrary.Tests/blazorBookLibrary.Tests.fsproj]
/Users/antoniolucca/github/blazorBookLibrary/blazorBookLibrary.Tests/ReservationsTests.fs(856,17): warning FS0025: Incomplete pattern matches on this expression. For example, the value 'Ok (_)' may indicate a case not covered by the pattern(s). [/Users/antoniolucca/github/blazorBookLibrary/blazorBookLibrary.Tests/blazorBookLibrary.Tests.fsproj]
/Users/antoniolucca/github/blazorBookLibrary/blazorBookLibrary.Tests/ReservationsTests.fs(894,40): error FS0501: The member or object constructor 'TransformReservationIntoLoanAsync' takes 5 argument(s) but is here given 3. The required signature is 'abstract ILoanService.TransformReservationIntoLoanAsync: reservationId: ReservationId * providedReservationCode: ReservationCode * shortLang: ShortLang * date: DateTime * [<Runtime.InteropServices.Optional; Runtime.InteropServices.DefaultParameterValue ((null :> obj))>] ?ct: CancellationToken -> Tasks.Task<Result<unit,string>>'. [/Users/antoniolucca/github/blazorBookLibrary/blazorBookLibrary.Tests/blazorBookLibrary.Tests.fsproj]

Build FAILED.

/Users/antoniolucca/github/blazorBookLibrary/blazorBookLibrary/blazorBookLibrary.csproj : warning NU1608: Detected package version outside of dependency constraint: Expecto.FsCheck 10.2.3 requires FsCheck (>= 2.16.5 && < 3.0.0) but version FsCheck 3.3.2 was resolved. [/Users/antoniolucca/github/blazorBookLibrary/blazorBookLibrary.Tests/blazorBookLibrary.Tests.fsproj]
/Users/antoniolucca/github/blazorBookLibrary/blazorBookLibrary.Server/blazorBookLibrary.Server.fsproj : warning NU1510: PackageReference Microsoft.Extensions.Configuration will not be pruned. Consider removing this package from your dependencies, as it is likely unnecessary. [/Users/antoniolucca/github/blazorBookLibrary/blazorBookLibrary.Tests/blazorBookLibrary.Tests.fsproj]
/Users/antoniolucca/github/blazorBookLibrary/blazorBookLibrary.Tests/blazorBookLibrary.Tests.fsproj : warning NU1608: Detected package version outside of dependency constraint: Expecto.FsCheck 10.2.3 requires FsCheck (>= 2.16.5 && < 3.0.0) but version FsCheck 3.3.2 was resolved.
/Users/antoniolucca/github/realsharpino/Sharpino/Sharpino.Lib/Sharpino.Lib.fsproj : warning NU1510: PackageReference System.Data.Common will not be pruned. Consider removing this package from your dependencies, as it is likely unnecessary. [/Users/antoniolucca/github/blazorBookLibrary/blazorBookLibrary.Tests/blazorBookLibrary.Tests.fsproj]
/Users/antoniolucca/github/blazorBookLibrary/blazorBookLibrary.Server/blazorBookLibrary.Server.fsproj : warning NU1510: PackageReference Microsoft.Extensions.Configuration.Json will not be pruned. Consider removing this package from your dependencies, as it is likely unnecessary. [/Users/antoniolucca/github/blazorBookLibrary/blazorBookLibrary.Tests/blazorBookLibrary.Tests.fsproj]
/Users/antoniolucca/github/realsharpino/Sharpino/Sharpino.Lib/Sharpino.Lib.fsproj : warning NU1510: PackageReference System.collections will not be pruned. Consider removing this package from your dependencies, as it is likely unnecessary. [/Users/antoniolucca/github/blazorBookLibrary/blazorBookLibrary.Tests/blazorBookLibrary.Tests.fsproj]
/Users/antoniolucca/github/blazorBookLibrary/blazorBookLibrary.Server/blazorBookLibrary.Server.fsproj : warning NU1608: Detected package version outside of dependency constraint: Expecto.FsCheck 10.2.3 requires FsCheck (>= 2.16.5 && < 3.0.0) but version FsCheck 3.3.2 was resolved. [/Users/antoniolucca/github/blazorBookLibrary/blazorBookLibrary.Tests/blazorBookLibrary.Tests.fsproj]
/Users/antoniolucca/github/realsharpino/Sharpino/Sharpino.Lib/Sharpino.Lib.fsproj : warning NU1608: Detected package version outside of dependency constraint: Expecto.FsCheck 10.2.3 requires FsCheck (>= 2.16.5 && < 3.0.0) but version FsCheck 3.3.2 was resolved. [/Users/antoniolucca/github/blazorBookLibrary/blazorBookLibrary.Tests/blazorBookLibrary.Tests.fsproj]
/Users/antoniolucca/github/realsharpino/Sharpino/Sharpino.Lib/Sharpino.Lib.fsproj : warning NU1902: Package 'Microsoft.IdentityModel.JsonWebTokens' 6.8.0 has a known moderate severity vulnerability, https://github.com/advisories/GHSA-59j7-ghrg-fj52 [/Users/antoniolucca/github/blazorBookLibrary/blazorBookLibrary.Tests/blazorBookLibrary.Tests.fsproj]
/Users/antoniolucca/github/realsharpino/Sharpino/Sharpino.Lib/Sharpino.Lib.fsproj : warning NU1904: Package 'System.Drawing.Common' 5.0.0 has a known critical severity vulnerability, https://github.com/advisories/GHSA-rxg9-xrhp-64gj [/Users/antoniolucca/github/blazorBookLibrary/blazorBookLibrary.Tests/blazorBookLibrary.Tests.fsproj]
/Users/antoniolucca/github/realsharpino/Sharpino/Sharpino.Lib/Sharpino.Lib.fsproj : warning NU1902: Package 'System.IdentityModel.Tokens.Jwt' 6.8.0 has a known moderate severity vulnerability, https://github.com/advisories/GHSA-59j7-ghrg-fj52 [/Users/antoniolucca/github/blazorBookLibrary/blazorBookLibrary.Tests/blazorBookLibrary.Tests.fsproj]
/Users/antoniolucca/github/blazorBookLibrary/blazorBookLibrary.Tests/blazorBookLibrary.Tests.fsproj : warning NU1608: Detected package version outside of dependency constraint: Expecto.FsCheck 10.2.3 requires FsCheck (>= 2.16.5 && < 3.0.0) but version FsCheck 3.3.2 was resolved.
/Users/antoniolucca/github/blazorBookLibrary/blazorBookLibrary/blazorBookLibrary.csproj : warning NU1608: Detected package version outside of dependency constraint: Expecto.FsCheck 10.2.3 requires FsCheck (>= 2.16.5 && < 3.0.0) but version FsCheck 3.3.2 was resolved.
/Users/antoniolucca/github/blazorBookLibrary/blazorBookLibrary.Server/blazorBookLibrary.Server.fsproj : warning NU1510: PackageReference Microsoft.Extensions.Configuration will not be pruned. Consider removing this package from your dependencies, as it is likely unnecessary.
/Users/antoniolucca/github/blazorBookLibrary/blazorBookLibrary.Server/blazorBookLibrary.Server.fsproj : warning NU1510: PackageReference Microsoft.Extensions.Configuration.Json will not be pruned. Consider removing this package from your dependencies, as it is likely unnecessary.
/Users/antoniolucca/github/blazorBookLibrary/blazorBookLibrary.Server/blazorBookLibrary.Server.fsproj : warning NU1608: Detected package version outside of dependency constraint: Expecto.FsCheck 10.2.3 requires FsCheck (>= 2.16.5 && < 3.0.0) but version FsCheck 3.3.2 was resolved.
/Users/antoniolucca/github/realsharpino/Sharpino/Sharpino.Lib/Sharpino.Lib.fsproj : warning NU1510: PackageReference System.Data.Common will not be pruned. Consider removing this package from your dependencies, as it is likely unnecessary. [TargetFramework=net10.0]
/Users/antoniolucca/github/realsharpino/Sharpino/Sharpino.Lib/Sharpino.Lib.fsproj : warning NU1510: PackageReference System.collections will not be pruned. Consider removing this package from your dependencies, as it is likely unnecessary. [TargetFramework=net10.0]
/Users/antoniolucca/github/realsharpino/Sharpino/Sharpino.Lib/Sharpino.Lib.fsproj : warning NU1608: Detected package version outside of dependency constraint: Expecto.FsCheck 10.2.3 requires FsCheck (>= 2.16.5 && < 3.0.0) but version FsCheck 3.3.2 was resolved. [TargetFramework=net10.0]
/Users/antoniolucca/github/realsharpino/Sharpino/Sharpino.Lib/Sharpino.Lib.fsproj : warning NU1902: Package 'Microsoft.IdentityModel.JsonWebTokens' 6.8.0 has a known moderate severity vulnerability, https://github.com/advisories/GHSA-59j7-ghrg-fj52 [TargetFramework=net10.0]
/Users/antoniolucca/github/realsharpino/Sharpino/Sharpino.Lib/Sharpino.Lib.fsproj : warning NU1904: Package 'System.Drawing.Common' 5.0.0 has a known critical severity vulnerability, https://github.com/advisories/GHSA-rxg9-xrhp-64gj [TargetFramework=net10.0]
/Users/antoniolucca/github/realsharpino/Sharpino/Sharpino.Lib/Sharpino.Lib.fsproj : warning NU1902: Package 'System.IdentityModel.Tokens.Jwt' 6.8.0 has a known moderate severity vulnerability, https://github.com/advisories/GHSA-59j7-ghrg-fj52 [TargetFramework=net10.0]
/Users/antoniolucca/github/blazorBookLibrary/blazorBookLibrary.Tests/ReservationsTests.fs(856,17): warning FS0025: Incomplete pattern matches on this expression. For example, the value 'Ok (_)' may indicate a case not covered by the pattern(s). [/Users/antoniolucca/github/blazorBookLibrary/blazorBookLibrary.Tests/blazorBookLibrary.Tests.fsproj]
/Users/antoniolucca/github/blazorBookLibrary/blazorBookLibrary.Tests/ReservationsTests.fs(750,40): error FS0501: The member or object constructor 'TransformReservationIntoLoanAsync' takes 5 argument(s) but is here given 3. The required signature is 'abstract ILoanService.TransformReservationIntoLoanAsync: reservationId: ReservationId * providedReservationCode: ReservationCode * shortLang: ShortLang * date: DateTime * [<Runtime.InteropServices.Optional; Runtime.InteropServices.DefaultParameterValue ((null :> obj))>] ?ct: CancellationToken -> Tasks.Task<Result<unit,string>>'. [/Users/antoniolucca/github/blazorBookLibrary/blazorBookLibrary.Tests/blazorBookLibrary.Tests.fsproj]
/Users/antoniolucca/github/blazorBookLibrary/blazorBookLibrary.Tests/ReservationsTests.fs(788,40): error FS0501: The member or object constructor 'TransformReservationIntoLoanAsync' takes 5 argument(s) but is here given 3. The required signature is 'abstract ILoanService.TransformReservationIntoLoanAsync: reservationId: ReservationId * providedReservationCode: ReservationCode * shortLang: ShortLang * date: DateTime * [<Runtime.InteropServices.Optional; Runtime.InteropServices.DefaultParameterValue ((null :> obj))>] ?ct: CancellationToken -> Tasks.Task<Result<unit,string>>'. [/Users/antoniolucca/github/blazorBookLibrary/blazorBookLibrary.Tests/blazorBookLibrary.Tests.fsproj]
/Users/antoniolucca/github/blazorBookLibrary/blazorBookLibrary.Tests/ReservationsTests.fs(819,40): error FS0501: The member or object constructor 'TransformReservationIntoLoanAsync' takes 5 argument(s) but is here given 3. The required signature is 'abstract ILoanService.TransformReservationIntoLoanAsync: reservationId: ReservationId * providedReservationCode: ReservationCode * shortLang: ShortLang * date: DateTime * [<Runtime.InteropServices.Optional; Runtime.InteropServices.DefaultParameterValue ((null :> obj))>] ?ct: CancellationToken -> Tasks.Task<Result<unit,string>>'. [/Users/antoniolucca/github/blazorBookLibrary/blazorBookLibrary.Tests/blazorBookLibrary.Tests.fsproj]
/Users/antoniolucca/github/blazorBookLibrary/blazorBookLibrary.Tests/ReservationsTests.fs(854,40): error FS0501: The member or object constructor 'TransformReservationIntoLoanAsync' takes 5 argument(s) but is here given 3. The required signature is 'abstract ILoanService.TransformReservationIntoLoanAsync: reservationId: ReservationId * providedReservationCode: ReservationCode * shortLang: ShortLang * date: DateTime * [<Runtime.InteropServices.Optional; Runtime.InteropServices.DefaultParameterValue ((null :> obj))>] ?ct: CancellationToken -> Tasks.Task<Result<unit,string>>'. [/Users/antoniolucca/github/blazorBookLibrary/blazorBookLibrary.Tests/blazorBookLibrary.Tests.fsproj]
/Users/antoniolucca/github/blazorBookLibrary/blazorBookLibrary.Tests/ReservationsTests.fs(894,40): error FS0501: The member or object constructor 'TransformReservationIntoLoanAsync' takes 5 argument(s) but is here given 3. The required signature is 'abstract ILoanService.TransformReservationIntoLoanAsync: reservationId: ReservationId * providedReservationCode: ReservationCode * shortLang: ShortLang * date: DateTime * [<Runtime.InteropServices.Optional; Runtime.InteropServices.DefaultParameterValue ((null :> obj))>] ?ct: CancellationToken -> Tasks.Task<Result<unit,string>>'. [/Users/antoniolucca/github/blazorBookLibrary/blazorBookLibrary.Tests/blazorBookLibrary.Tests.fsproj]
    23 Warning(s)
    5 Error(s)

Time Elapsed 00:00:04.19
